KEYWORD: integer
IDENTIFIER: i
OPERATOR: =
INTEGER: 1
SEPARATOR: ;
KEYWORD: while
SEPARATOR: (
IDENTIFIER: i
OPERATOR: <
INTEGER: 10
SEPARATOR: )
SEPARATOR: {
KEYWORD: put
SEPARATOR: (
IDENTIFIER: i
SEPARATOR: )
SEPARATOR: ;
IDENTIFIER: i
OPERATOR: =
IDENTIFIER: i
OPERATOR: +
INTEGER: 1
SEPARATOR: ;
SEPARATOR: }